2025-09-30T00:30:14.987+05:30  WARN 27364 --- [spring-rest-jpa] [HikariPool-1:housekeeper] com.zaxxer.hikari.pool.HikariPool        : HikariPool-1 - Thread starvation or clock leap detected (housekeeper delta=54m11s714ms420µs300ns).
2025-09-30T02:32:48.806+05:30  WARN 27364 --- [spring-rest-jpa] [HikariPool-1:housekeeper] com.zaxxer.hikari.pool.HikariPool        : HikariPool-1 - Thread starvation or clock leap detected (housekeeper delta=1h59m33s281ms621µs200ns).
2025-09-30T04:35:35.815+05:30  WARN 27364 --- [spring-rest-jpa] [HikariPool-1:housekeeper] com.zaxxer.hikari.pool.HikariPool        : HikariPool-1 - Thread starvation or clock leap detected (housekeeper delta=1h59m46s945ms192µs400ns).
2025-09-30T05:37:59.714+05:30  WARN 27364 --- [spring-rest-jpa] [HikariPool-1:housekeeper] com.zaxxer.hikari.pool.HikariPool        : HikariPool-1 - Thread starvation or clock leap detected (housekeeper delta=59m23s853ms691µs300ns).
2025-09-30T07:12:04.627+05:30  WARN 27364 --- [spring-rest-jpa] [HikariPool-1:housekeeper] com.zaxxer.hikari.pool.HikariPool        : HikariPool-1 - Thread starvation or clock leap detected (housekeeper delta=1h31m4s844ms162µs600ns).
2025-09-30T08:19:35.956+05:30  WARN 27364 --- [spring-rest-jpa] [HikariPool-1:housekeeper] com.zaxxer.hikari.pool.HikariPool        : HikariPool-1 - Thread starvation or clock leap detected (housekeeper delta=1h4m31s279ms562µs500ns).
2025-09-30T09:06:03.491+05:30  WARN 27364 --- [spring-rest-jpa] [HikariPool-1:housekeeper] com.zaxxer.hikari.pool.HikariPool        : HikariPool-1 - Thread starvation or clock leap detected (housekeeper delta=43m27s499ms19µs600ns).
2025-09-30T09:56:08.081+05:30  WARN 27364 --- [spring-rest-jpa] [HikariPool-1:housekeeper] com.zaxxer.hikari.pool.HikariPool        : HikariPool-1 - Thread starvation or clock leap detected (housekeeper delta=47m4s522ms141µs200ns).
2025-09-30T11:05:10.426+05:30  INFO 25676 --- [spring-rest-jpa] [main] c.s.SpringRestJpaApplication             : Starting SpringRestJpaApplication using Java 17.0.8 with PID 25676 (D:\Poongs\eclipse-workspace\aug-2025-java-workspace\spring-rest-jpa\target\classes started by Poongs in D:\Poongs\eclipse-workspace\aug-2025-java-workspace\spring-rest-jpa)
2025-09-30T11:05:10.429+05:30  INFO 25676 --- [spring-rest-jpa] [main] c.s.SpringRestJpaApplication             : No active profile set, falling back to 1 default profile: "default"
2025-09-30T11:05:11.715+05:30  INFO 25676 --- [spring-rest-jpa] [main] .s.d.r.c.RepositoryConfigurationDelegate : Bootstrapping Spring Data JPA repositories in DEFAULT mode.
2025-09-30T11:05:11.805+05:30  INFO 25676 --- [spring-rest-jpa] [main] .s.d.r.c.RepositoryConfigurationDelegate : Finished Spring Data repository scanning in 69 ms. Found 3 JPA repository interfaces.
2025-09-30T11:05:12.706+05:30  INFO 25676 --- [spring-rest-jpa] [main] o.s.b.w.embedded.tomcat.TomcatWebServer  : Tomcat initialized with port 3232 (http)
2025-09-30T11:05:12.730+05:30  INFO 25676 --- [spring-rest-jpa] [main] o.apache.catalina.core.StandardService   : Starting service [Tomcat]
2025-09-30T11:05:12.731+05:30  INFO 25676 --- [spring-rest-jpa] [main] o.apache.catalina.core.StandardEngine    : Starting Servlet engine: [Apache Tomcat/10.1.44]
2025-09-30T11:05:12.843+05:30  INFO 25676 --- [spring-rest-jpa] [main] o.a.c.c.C.[Tomcat].[localhost].[/]       : Initializing Spring embedded WebApplicationContext
2025-09-30T11:05:12.843+05:30  INFO 25676 --- [spring-rest-jpa] [main] w.s.c.ServletWebServerApplicationContext : Root WebApplicationContext: initialization completed in 2348 ms
2025-09-30T11:05:13.059+05:30  INFO 25676 --- [spring-rest-jpa] [main] o.hibernate.jpa.internal.util.LogHelper  : HHH000204: Processing PersistenceUnitInfo [name: default]
2025-09-30T11:05:13.162+05:30  INFO 25676 --- [spring-rest-jpa] [main] org.hibernate.Version                    : HHH000412: Hibernate ORM core version 6.6.26.Final
2025-09-30T11:05:13.232+05:30  INFO 25676 --- [spring-rest-jpa] [main] o.h.c.internal.RegionFactoryInitiator    : HHH000026: Second-level cache disabled
2025-09-30T11:05:13.723+05:30  INFO 25676 --- [spring-rest-jpa] [main] o.s.o.j.p.SpringPersistenceUnitInfo      : No LoadTimeWeaver setup: ignoring JPA class transformer
2025-09-30T11:05:13.776+05:30  INFO 25676 --- [spring-rest-jpa] [main] com.zaxxer.hikari.HikariDataSource       : HikariPool-1 - Starting...
2025-09-30T11:05:14.318+05:30  INFO 25676 --- [spring-rest-jpa] [main] com.zaxxer.hikari.pool.HikariPool        : HikariPool-1 - Added connection com.mysql.cj.jdbc.ConnectionImpl@14239223
2025-09-30T11:05:14.321+05:30  INFO 25676 --- [spring-rest-jpa] [main] com.zaxxer.hikari.HikariDataSource       : HikariPool-1 - Start completed.
2025-09-30T11:05:14.645+05:30  INFO 25676 --- [spring-rest-jpa] [main] org.hibernate.orm.connections.pooling    : HHH10001005: Database info:
	Database JDBC URL [Connecting through datasource 'HikariDataSource (HikariPool-1)']
	Database driver: undefined/unknown
	Database version: 8.0.34
	Autocommit mode: undefined/unknown
	Isolation level: undefined/unknown
	Minimum pool size: undefined/unknown
	Maximum pool size: undefined/unknown
2025-09-30T11:05:16.419+05:30  INFO 25676 --- [spring-rest-jpa] [main] o.h.e.t.j.p.i.JtaPlatformInitiator       : HHH000489: No JTA platform available (set 'hibernate.transaction.jta.platform' to enable JTA platform integration)
2025-09-30T11:05:16.778+05:30  INFO 25676 --- [spring-rest-jpa] [main] j.LocalContainerEntityManagerFactoryBean : Initialized JPA EntityManagerFactory for persistence unit 'default'
2025-09-30T11:05:18.065+05:30  WARN 25676 --- [spring-rest-jpa] [main] JpaBaseConfiguration$JpaWebConfiguration : spring.jpa.open-in-view is enabled by default. Therefore, database queries may be performed during view rendering. Explicitly configure spring.jpa.open-in-view to disable this warning
2025-09-30T11:05:20.792+05:30  WARN 25676 --- [spring-rest-jpa] [main] r$InitializeUserDetailsManagerConfigurer : Found 2 UserDetailsService beans, with names [userDetailsServiceImpl, userDetailsService]. Global Authentication Manager will not use a UserDetailsService for username/password login. Consider publishing a single UserDetailsService bean.
2025-09-30T11:05:22.281+05:30  INFO 25676 --- [spring-rest-jpa] [main] o.s.b.w.embedded.tomcat.TomcatWebServer  : Tomcat started on port 3232 (http) with context path '/'
2025-09-30T11:05:22.343+05:30  INFO 25676 --- [spring-rest-jpa] [main] c.s.SpringRestJpaApplication             : Started SpringRestJpaApplication in 12.523 seconds (process running for 12.918)
2025-09-30T11:05:35.571+05:30  INFO 25676 --- [spring-rest-jpa] [http-nio-3232-exec-2] o.a.c.c.C.[Tomcat].[localhost].[/]       : Initializing Spring DispatcherServlet 'dispatcherServlet'
2025-09-30T11:05:35.573+05:30  INFO 25676 --- [spring-rest-jpa] [http-nio-3232-exec-2] o.s.web.servlet.DispatcherServlet        : Initializing Servlet 'dispatcherServlet'
2025-09-30T11:05:35.577+05:30  INFO 25676 --- [spring-rest-jpa] [http-nio-3232-exec-2] o.s.web.servlet.DispatcherServlet        : Completed initialization in 4 ms
2025-09-30T11:06:46.879+05:30  INFO 32360 --- [spring-rest-jpa] [main] c.s.SpringRestJpaApplication             : Starting SpringRestJpaApplication using Java 17.0.8 with PID 32360 (D:\Poongs\eclipse-workspace\aug-2025-java-workspace\spring-rest-jpa\target\classes started by Poongs in D:\Poongs\eclipse-workspace\aug-2025-java-workspace\spring-rest-jpa)
2025-09-30T11:06:46.884+05:30  INFO 32360 --- [spring-rest-jpa] [main] c.s.SpringRestJpaApplication             : No active profile set, falling back to 1 default profile: "default"
2025-09-30T11:06:48.125+05:30  INFO 32360 --- [spring-rest-jpa] [main] .s.d.r.c.RepositoryConfigurationDelegate : Bootstrapping Spring Data JPA repositories in DEFAULT mode.
2025-09-30T11:06:48.238+05:30  INFO 32360 --- [spring-rest-jpa] [main] .s.d.r.c.RepositoryConfigurationDelegate : Finished Spring Data repository scanning in 93 ms. Found 3 JPA repository interfaces.
2025-09-30T11:06:49.146+05:30  INFO 32360 --- [spring-rest-jpa] [main] o.s.b.w.embedded.tomcat.TomcatWebServer  : Tomcat initialized with port 3232 (http)
2025-09-30T11:06:49.170+05:30  INFO 32360 --- [spring-rest-jpa] [main] o.apache.catalina.core.StandardService   : Starting service [Tomcat]
2025-09-30T11:06:49.171+05:30  INFO 32360 --- [spring-rest-jpa] [main] o.apache.catalina.core.StandardEngine    : Starting Servlet engine: [Apache Tomcat/10.1.44]
2025-09-30T11:06:49.294+05:30  INFO 32360 --- [spring-rest-jpa] [main] o.a.c.c.C.[Tomcat].[localhost].[/]       : Initializing Spring embedded WebApplicationContext
2025-09-30T11:06:49.295+05:30  INFO 32360 --- [spring-rest-jpa] [main] w.s.c.ServletWebServerApplicationContext : Root WebApplicationContext: initialization completed in 2338 ms
2025-09-30T11:06:49.555+05:30  INFO 32360 --- [spring-rest-jpa] [main] o.hibernate.jpa.internal.util.LogHelper  : HHH000204: Processing PersistenceUnitInfo [name: default]
2025-09-30T11:06:49.699+05:30  INFO 32360 --- [spring-rest-jpa] [main] org.hibernate.Version                    : HHH000412: Hibernate ORM core version 6.6.26.Final
2025-09-30T11:06:49.780+05:30  INFO 32360 --- [spring-rest-jpa] [main] o.h.c.internal.RegionFactoryInitiator    : HHH000026: Second-level cache disabled
2025-09-30T11:06:50.555+05:30  INFO 32360 --- [spring-rest-jpa] [main] o.s.o.j.p.SpringPersistenceUnitInfo      : No LoadTimeWeaver setup: ignoring JPA class transformer
2025-09-30T11:06:50.662+05:30  INFO 32360 --- [spring-rest-jpa] [main] com.zaxxer.hikari.HikariDataSource       : HikariPool-1 - Starting...
2025-09-30T11:06:51.719+05:30  INFO 32360 --- [spring-rest-jpa] [main] com.zaxxer.hikari.pool.HikariPool        : HikariPool-1 - Added connection com.mysql.cj.jdbc.ConnectionImpl@46994f26
2025-09-30T11:06:51.725+05:30  INFO 32360 --- [spring-rest-jpa] [main] com.zaxxer.hikari.HikariDataSource       : HikariPool-1 - Start completed.
2025-09-30T11:06:52.086+05:30  INFO 32360 --- [spring-rest-jpa] [main] org.hibernate.orm.connections.pooling    : HHH10001005: Database info:
	Database JDBC URL [Connecting through datasource 'HikariDataSource (HikariPool-1)']
	Database driver: undefined/unknown
	Database version: 8.0.34
	Autocommit mode: undefined/unknown
	Isolation level: undefined/unknown
	Minimum pool size: undefined/unknown
	Maximum pool size: undefined/unknown
2025-09-30T11:06:54.974+05:30  INFO 32360 --- [spring-rest-jpa] [main] o.h.e.t.j.p.i.JtaPlatformInitiator       : HHH000489: No JTA platform available (set 'hibernate.transaction.jta.platform' to enable JTA platform integration)
2025-09-30T11:06:55.270+05:30  INFO 32360 --- [spring-rest-jpa] [main] j.LocalContainerEntityManagerFactoryBean : Initialized JPA EntityManagerFactory for persistence unit 'default'
2025-09-30T11:06:56.577+05:30  WARN 32360 --- [spring-rest-jpa] [main] JpaBaseConfiguration$JpaWebConfiguration : spring.jpa.open-in-view is enabled by default. Therefore, database queries may be performed during view rendering. Explicitly configure spring.jpa.open-in-view to disable this warning
2025-09-30T11:06:59.229+05:30  WARN 32360 --- [spring-rest-jpa] [main] r$InitializeUserDetailsManagerConfigurer : Found 2 UserDetailsService beans, with names [userDetailsServiceImpl, userDetailsService]. Global Authentication Manager will not use a UserDetailsService for username/password login. Consider publishing a single UserDetailsService bean.
2025-09-30T11:07:00.479+05:30  INFO 32360 --- [spring-rest-jpa] [main] o.s.b.w.embedded.tomcat.TomcatWebServer  : Tomcat started on port 3232 (http) with context path '/'
2025-09-30T11:07:00.516+05:30  INFO 32360 --- [spring-rest-jpa] [main] c.s.SpringRestJpaApplication             : Started SpringRestJpaApplication in 14.221 seconds (process running for 14.629)
2025-09-30T11:07:14.079+05:30  INFO 32280 --- [spring-rest-jpa] [main] c.s.SpringRestJpaApplication             : Starting SpringRestJpaApplication using Java 17.0.8 with PID 32280 (D:\Poongs\eclipse-workspace\aug-2025-java-workspace\spring-rest-jpa\target\classes started by Poongs in D:\Poongs\eclipse-workspace\aug-2025-java-workspace\spring-rest-jpa)
2025-09-30T11:07:14.083+05:30  INFO 32280 --- [spring-rest-jpa] [main] c.s.SpringRestJpaApplication             : No active profile set, falling back to 1 default profile: "default"
2025-09-30T11:07:15.220+05:30  INFO 32280 --- [spring-rest-jpa] [main] .s.d.r.c.RepositoryConfigurationDelegate : Bootstrapping Spring Data JPA repositories in DEFAULT mode.
2025-09-30T11:07:15.306+05:30  INFO 32280 --- [spring-rest-jpa] [main] .s.d.r.c.RepositoryConfigurationDelegate : Finished Spring Data repository scanning in 70 ms. Found 3 JPA repository interfaces.
2025-09-30T11:07:16.417+05:30  INFO 32280 --- [spring-rest-jpa] [main] o.s.b.w.embedded.tomcat.TomcatWebServer  : Tomcat initialized with port 3232 (http)
2025-09-30T11:07:16.443+05:30  INFO 32280 --- [spring-rest-jpa] [main] o.apache.catalina.core.StandardService   : Starting service [Tomcat]
2025-09-30T11:07:16.444+05:30  INFO 32280 --- [spring-rest-jpa] [main] o.apache.catalina.core.StandardEngine    : Starting Servlet engine: [Apache Tomcat/10.1.44]
2025-09-30T11:07:16.594+05:30  INFO 32280 --- [spring-rest-jpa] [main] o.a.c.c.C.[Tomcat].[localhost].[/]       : Initializing Spring embedded WebApplicationContext
2025-09-30T11:07:16.595+05:30  INFO 32280 --- [spring-rest-jpa] [main] w.s.c.ServletWebServerApplicationContext : Root WebApplicationContext: initialization completed in 2460 ms
2025-09-30T11:07:16.923+05:30  INFO 32280 --- [spring-rest-jpa] [main] o.hibernate.jpa.internal.util.LogHelper  : HHH000204: Processing PersistenceUnitInfo [name: default]
2025-09-30T11:07:17.031+05:30  INFO 32280 --- [spring-rest-jpa] [main] org.hibernate.Version                    : HHH000412: Hibernate ORM core version 6.6.26.Final
2025-09-30T11:07:17.105+05:30  INFO 32280 --- [spring-rest-jpa] [main] o.h.c.internal.RegionFactoryInitiator    : HHH000026: Second-level cache disabled
2025-09-30T11:07:17.814+05:30  INFO 32280 --- [spring-rest-jpa] [main] o.s.o.j.p.SpringPersistenceUnitInfo      : No LoadTimeWeaver setup: ignoring JPA class transformer
2025-09-30T11:07:17.908+05:30  INFO 32280 --- [spring-rest-jpa] [main] com.zaxxer.hikari.HikariDataSource       : HikariPool-1 - Starting...
2025-09-30T11:07:18.682+05:30  INFO 32280 --- [spring-rest-jpa] [main] com.zaxxer.hikari.pool.HikariPool        : HikariPool-1 - Added connection com.mysql.cj.jdbc.ConnectionImpl@120d6cbf
2025-09-30T11:07:18.686+05:30  INFO 32280 --- [spring-rest-jpa] [main] com.zaxxer.hikari.HikariDataSource       : HikariPool-1 - Start completed.
2025-09-30T11:07:18.954+05:30  INFO 32280 --- [spring-rest-jpa] [main] org.hibernate.orm.connections.pooling    : HHH10001005: Database info:
	Database JDBC URL [Connecting through datasource 'HikariDataSource (HikariPool-1)']
	Database driver: undefined/unknown
	Database version: 8.0.34
	Autocommit mode: undefined/unknown
	Isolation level: undefined/unknown
	Minimum pool size: undefined/unknown
	Maximum pool size: undefined/unknown
2025-09-30T11:07:21.238+05:30  INFO 32280 --- [spring-rest-jpa] [main] o.h.e.t.j.p.i.JtaPlatformInitiator       : HHH000489: No JTA platform available (set 'hibernate.transaction.jta.platform' to enable JTA platform integration)
2025-09-30T11:07:21.493+05:30  INFO 32280 --- [spring-rest-jpa] [main] j.LocalContainerEntityManagerFactoryBean : Initialized JPA EntityManagerFactory for persistence unit 'default'
2025-09-30T11:07:22.588+05:30  WARN 32280 --- [spring-rest-jpa] [main] JpaBaseConfiguration$JpaWebConfiguration : spring.jpa.open-in-view is enabled by default. Therefore, database queries may be performed during view rendering. Explicitly configure spring.jpa.open-in-view to disable this warning
2025-09-30T11:07:24.594+05:30  WARN 32280 --- [spring-rest-jpa] [main] r$InitializeUserDetailsManagerConfigurer : Found 2 UserDetailsService beans, with names [userDetailsServiceImpl, userDetailsService]. Global Authentication Manager will not use a UserDetailsService for username/password login. Consider publishing a single UserDetailsService bean.
2025-09-30T11:07:25.534+05:30  INFO 32280 --- [spring-rest-jpa] [main] o.s.b.w.embedded.tomcat.TomcatWebServer  : Tomcat started on port 3232 (http) with context path '/'
2025-09-30T11:07:25.562+05:30  INFO 32280 --- [spring-rest-jpa] [main] c.s.SpringRestJpaApplication             : Started SpringRestJpaApplication in 12.02 seconds (process running for 12.435)
2025-09-30T11:07:54.808+05:30  INFO 32280 --- [spring-rest-jpa] [http-nio-3232-exec-1] o.a.c.c.C.[Tomcat].[localhost].[/]       : Initializing Spring DispatcherServlet 'dispatcherServlet'
2025-09-30T11:07:54.808+05:30  INFO 32280 --- [spring-rest-jpa] [http-nio-3232-exec-1] o.s.web.servlet.DispatcherServlet        : Initializing Servlet 'dispatcherServlet'
2025-09-30T11:07:54.812+05:30  INFO 32280 --- [spring-rest-jpa] [http-nio-3232-exec-1] o.s.web.servlet.DispatcherServlet        : Completed initialization in 3 ms
2025-09-30T11:09:06.901+05:30  INFO 22048 --- [spring-rest-jpa] [main] c.s.SpringRestJpaApplication             : Starting SpringRestJpaApplication using Java 17.0.8 with PID 22048 (D:\Poongs\eclipse-workspace\aug-2025-java-workspace\spring-rest-jpa\target\classes started by Poongs in D:\Poongs\eclipse-workspace\aug-2025-java-workspace\spring-rest-jpa)
2025-09-30T11:09:06.907+05:30  INFO 22048 --- [spring-rest-jpa] [main] c.s.SpringRestJpaApplication             : No active profile set, falling back to 1 default profile: "default"
2025-09-30T11:09:08.068+05:30  INFO 22048 --- [spring-rest-jpa] [main] .s.d.r.c.RepositoryConfigurationDelegate : Bootstrapping Spring Data JPA repositories in DEFAULT mode.
2025-09-30T11:09:08.170+05:30  INFO 22048 --- [spring-rest-jpa] [main] .s.d.r.c.RepositoryConfigurationDelegate : Finished Spring Data repository scanning in 88 ms. Found 3 JPA repository interfaces.
2025-09-30T11:09:08.950+05:30  INFO 22048 --- [spring-rest-jpa] [main] o.s.b.w.embedded.tomcat.TomcatWebServer  : Tomcat initialized with port 3232 (http)
2025-09-30T11:09:08.965+05:30  INFO 22048 --- [spring-rest-jpa] [main] o.apache.catalina.core.StandardService   : Starting service [Tomcat]
2025-09-30T11:09:08.966+05:30  INFO 22048 --- [spring-rest-jpa] [main] o.apache.catalina.core.StandardEngine    : Starting Servlet engine: [Apache Tomcat/10.1.44]
2025-09-30T11:09:09.065+05:30  INFO 22048 --- [spring-rest-jpa] [main] o.a.c.c.C.[Tomcat].[localhost].[/]       : Initializing Spring embedded WebApplicationContext
2025-09-30T11:09:09.065+05:30  INFO 22048 --- [spring-rest-jpa] [main] w.s.c.ServletWebServerApplicationContext : Root WebApplicationContext: initialization completed in 2097 ms
2025-09-30T11:09:09.246+05:30  INFO 22048 --- [spring-rest-jpa] [main] o.hibernate.jpa.internal.util.LogHelper  : HHH000204: Processing PersistenceUnitInfo [name: default]
2025-09-30T11:09:09.318+05:30  INFO 22048 --- [spring-rest-jpa] [main] org.hibernate.Version                    : HHH000412: Hibernate ORM core version 6.6.26.Final
2025-09-30T11:09:09.362+05:30  INFO 22048 --- [spring-rest-jpa] [main] o.h.c.internal.RegionFactoryInitiator    : HHH000026: Second-level cache disabled
2025-09-30T11:09:09.695+05:30  INFO 22048 --- [spring-rest-jpa] [main] o.s.o.j.p.SpringPersistenceUnitInfo      : No LoadTimeWeaver setup: ignoring JPA class transformer
2025-09-30T11:09:09.740+05:30  INFO 22048 --- [spring-rest-jpa] [main] com.zaxxer.hikari.HikariDataSource       : HikariPool-1 - Starting...
2025-09-30T11:09:10.091+05:30  INFO 22048 --- [spring-rest-jpa] [main] com.zaxxer.hikari.pool.HikariPool        : HikariPool-1 - Added connection com.mysql.cj.jdbc.ConnectionImpl@25589735
2025-09-30T11:09:10.093+05:30  INFO 22048 --- [spring-rest-jpa] [main] com.zaxxer.hikari.HikariDataSource       : HikariPool-1 - Start completed.
2025-09-30T11:09:10.185+05:30  INFO 22048 --- [spring-rest-jpa] [main] org.hibernate.orm.connections.pooling    : HHH10001005: Database info:
	Database JDBC URL [Connecting through datasource 'HikariDataSource (HikariPool-1)']
	Database driver: undefined/unknown
	Database version: 8.0.34
	Autocommit mode: undefined/unknown
	Isolation level: undefined/unknown
	Minimum pool size: undefined/unknown
	Maximum pool size: undefined/unknown
2025-09-30T11:09:11.290+05:30  INFO 22048 --- [spring-rest-jpa] [main] o.h.e.t.j.p.i.JtaPlatformInitiator       : HHH000489: No JTA platform available (set 'hibernate.transaction.jta.platform' to enable JTA platform integration)
2025-09-30T11:09:11.407+05:30  INFO 22048 --- [spring-rest-jpa] [main] j.LocalContainerEntityManagerFactoryBean : Initialized JPA EntityManagerFactory for persistence unit 'default'
2025-09-30T11:09:12.051+05:30  WARN 22048 --- [spring-rest-jpa] [main] JpaBaseConfiguration$JpaWebConfiguration : spring.jpa.open-in-view is enabled by default. Therefore, database queries may be performed during view rendering. Explicitly configure spring.jpa.open-in-view to disable this warning
2025-09-30T11:09:13.158+05:30  WARN 22048 --- [spring-rest-jpa] [main] r$InitializeUserDetailsManagerConfigurer : Found 2 UserDetailsService beans, with names [userDetailsServiceImpl, userDetailsService]. Global Authentication Manager will not use a UserDetailsService for username/password login. Consider publishing a single UserDetailsService bean.
2025-09-30T11:09:13.730+05:30  INFO 22048 --- [spring-rest-jpa] [main] o.s.b.w.embedded.tomcat.TomcatWebServer  : Tomcat started on port 3232 (http) with context path '/'
2025-09-30T11:09:13.741+05:30  INFO 22048 --- [spring-rest-jpa] [main] c.s.SpringRestJpaApplication             : Started SpringRestJpaApplication in 7.393 seconds (process running for 7.737)
2025-09-30T11:10:36.610+05:30  INFO 22048 --- [spring-rest-jpa] [http-nio-3232-exec-1] o.a.c.c.C.[Tomcat].[localhost].[/]       : Initializing Spring DispatcherServlet 'dispatcherServlet'
2025-09-30T11:10:36.611+05:30  INFO 22048 --- [spring-rest-jpa] [http-nio-3232-exec-1] o.s.web.servlet.DispatcherServlet        : Initializing Servlet 'dispatcherServlet'
2025-09-30T11:10:36.613+05:30  INFO 22048 --- [spring-rest-jpa] [http-nio-3232-exec-1] o.s.web.servlet.DispatcherServlet        : Completed initialization in 2 ms
2025-09-30T11:11:14.461+05:30  INFO 11304 --- [spring-rest-jpa] [main] c.s.SpringRestJpaApplication             : Starting SpringRestJpaApplication using Java 17.0.8 with PID 11304 (D:\Poongs\eclipse-workspace\aug-2025-java-workspace\spring-rest-jpa\target\classes started by Poongs in D:\Poongs\eclipse-workspace\aug-2025-java-workspace\spring-rest-jpa)
2025-09-30T11:11:14.465+05:30  INFO 11304 --- [spring-rest-jpa] [main] c.s.SpringRestJpaApplication             : No active profile set, falling back to 1 default profile: "default"
2025-09-30T11:11:15.192+05:30  WARN 11304 --- [spring-rest-jpa] [main] ConfigServletWebServerApplicationContext : Exception encountered during context initialization - cancelling refresh attempt: org.springframework.beans.factory.parsing.BeanDefinitionParsingException: Configuration problem: @Bean method 'addCorsMappings' must not be declared as void; change the method's return type or its annotation.
Offending resource: class path resource [com/spring_rest_jpa/config/SecurityConfig.class]
2025-09-30T11:11:15.202+05:30  INFO 11304 --- [spring-rest-jpa] [main] .s.b.a.l.ConditionEvaluationReportLogger : 

Error starting ApplicationContext. To display the condition evaluation report re-run your application with 'debug' enabled.
2025-09-30T11:11:15.228+05:30 ERROR 11304 --- [spring-rest-jpa] [main] o.s.boot.SpringApplication               : Application run failed

org.springframework.beans.factory.parsing.BeanDefinitionParsingException: Configuration problem: @Bean method 'addCorsMappings' must not be declared as void; change the method's return type or its annotation.
Offending resource: class path resource [com/spring_rest_jpa/config/SecurityConfig.class]
	at org.springframework.beans.factory.parsing.FailFastProblemReporter.error(FailFastProblemReporter.java:72) ~[spring-beans-6.2.10.jar:6.2.10]
	at org.springframework.context.annotation.BeanMethod.validate(BeanMethod.java:57) ~[spring-context-6.2.10.jar:6.2.10]
	at org.springframework.context.annotation.ConfigurationClass.validate(ConfigurationClass.java:243) ~[spring-context-6.2.10.jar:6.2.10]
	at org.springframework.context.annotation.ConfigurationClassParser.validate(ConfigurationClassParser.java:228) ~[spring-context-6.2.10.jar:6.2.10]
	at org.springframework.context.annotation.ConfigurationClassPostProcessor.processConfigBeanDefinitions(ConfigurationClassPostProcessor.java:419) ~[spring-context-6.2.10.jar:6.2.10]
	at org.springframework.context.annotation.ConfigurationClassPostProcessor.postProcessBeanDefinitionRegistry(ConfigurationClassPostProcessor.java:290) ~[spring-context-6.2.10.jar:6.2.10]
	at org.springframework.context.support.PostProcessorRegistrationDelegate.invokeBeanDefinitionRegistryPostProcessors(PostProcessorRegistrationDelegate.java:349) ~[spring-context-6.2.10.jar:6.2.10]
	at org.springframework.context.support.PostProcessorRegistrationDelegate.invokeBeanFactoryPostProcessors(PostProcessorRegistrationDelegate.java:118) ~[spring-context-6.2.10.jar:6.2.10]
	at org.springframework.context.support.AbstractApplicationContext.invokeBeanFactoryPostProcessors(AbstractApplicationContext.java:791) ~[spring-context-6.2.10.jar:6.2.10]
	at org.springframework.context.support.AbstractApplicationContext.refresh(AbstractApplicationContext.java:609) ~[spring-context-6.2.10.jar:6.2.10]
	at org.springframework.boot.web.servlet.context.ServletWebServerApplicationContext.refresh(ServletWebServerApplicationContext.java:146) ~[spring-boot-3.5.5.jar:3.5.5]
	at org.springframework.boot.SpringApplication.refresh(SpringApplication.java:752) ~[spring-boot-3.5.5.jar:3.5.5]
	at org.springframework.boot.SpringApplication.refreshContext(SpringApplication.java:439) ~[spring-boot-3.5.5.jar:3.5.5]
	at org.springframework.boot.SpringApplication.run(SpringApplication.java:318) ~[spring-boot-3.5.5.jar:3.5.5]
	at org.springframework.boot.SpringApplication.run(SpringApplication.java:1361) ~[spring-boot-3.5.5.jar:3.5.5]
	at org.springframework.boot.SpringApplication.run(SpringApplication.java:1350) ~[spring-boot-3.5.5.jar:3.5.5]
	at com.spring_rest_jpa.SpringRestJpaApplication.main(SpringRestJpaApplication.java:10) ~[classes/:na]

2025-09-30T11:13:08.437+05:30  INFO 25668 --- [spring-rest-jpa] [main] c.s.SpringRestJpaApplication             : Starting SpringRestJpaApplication using Java 17.0.8 with PID 25668 (D:\Poongs\eclipse-workspace\aug-2025-java-workspace\spring-rest-jpa\target\classes started by Poongs in D:\Poongs\eclipse-workspace\aug-2025-java-workspace\spring-rest-jpa)
2025-09-30T11:13:08.444+05:30  INFO 25668 --- [spring-rest-jpa] [main] c.s.SpringRestJpaApplication             : No active profile set, falling back to 1 default profile: "default"
2025-09-30T11:13:09.544+05:30  INFO 25668 --- [spring-rest-jpa] [main] .s.d.r.c.RepositoryConfigurationDelegate : Bootstrapping Spring Data JPA repositories in DEFAULT mode.
2025-09-30T11:13:09.641+05:30  INFO 25668 --- [spring-rest-jpa] [main] .s.d.r.c.RepositoryConfigurationDelegate : Finished Spring Data repository scanning in 80 ms. Found 3 JPA repository interfaces.
2025-09-30T11:13:10.421+05:30  INFO 25668 --- [spring-rest-jpa] [main] o.s.b.w.embedded.tomcat.TomcatWebServer  : Tomcat initialized with port 3232 (http)
2025-09-30T11:13:10.437+05:30  INFO 25668 --- [spring-rest-jpa] [main] o.apache.catalina.core.StandardService   : Starting service [Tomcat]
2025-09-30T11:13:10.438+05:30  INFO 25668 --- [spring-rest-jpa] [main] o.apache.catalina.core.StandardEngine    : Starting Servlet engine: [Apache Tomcat/10.1.44]
2025-09-30T11:13:10.526+05:30  INFO 25668 --- [spring-rest-jpa] [main] o.a.c.c.C.[Tomcat].[localhost].[/]       : Initializing Spring embedded WebApplicationContext
2025-09-30T11:13:10.526+05:30  INFO 25668 --- [spring-rest-jpa] [main] w.s.c.ServletWebServerApplicationContext : Root WebApplicationContext: initialization completed in 2024 ms
2025-09-30T11:13:10.704+05:30  INFO 25668 --- [spring-rest-jpa] [main] o.hibernate.jpa.internal.util.LogHelper  : HHH000204: Processing PersistenceUnitInfo [name: default]
2025-09-30T11:13:10.760+05:30  INFO 25668 --- [spring-rest-jpa] [main] org.hibernate.Version                    : HHH000412: Hibernate ORM core version 6.6.26.Final
2025-09-30T11:13:10.805+05:30  INFO 25668 --- [spring-rest-jpa] [main] o.h.c.internal.RegionFactoryInitiator    : HHH000026: Second-level cache disabled
2025-09-30T11:13:11.154+05:30  INFO 25668 --- [spring-rest-jpa] [main] o.s.o.j.p.SpringPersistenceUnitInfo      : No LoadTimeWeaver setup: ignoring JPA class transformer
2025-09-30T11:13:11.184+05:30  INFO 25668 --- [spring-rest-jpa] [main] com.zaxxer.hikari.HikariDataSource       : HikariPool-1 - Starting...
2025-09-30T11:13:11.557+05:30  INFO 25668 --- [spring-rest-jpa] [main] com.zaxxer.hikari.pool.HikariPool        : HikariPool-1 - Added connection com.mysql.cj.jdbc.ConnectionImpl@4b61e97
2025-09-30T11:13:11.560+05:30  INFO 25668 --- [spring-rest-jpa] [main] com.zaxxer.hikari.HikariDataSource       : HikariPool-1 - Start completed.
2025-09-30T11:13:11.644+05:30  INFO 25668 --- [spring-rest-jpa] [main] org.hibernate.orm.connections.pooling    : HHH10001005: Database info:
	Database JDBC URL [Connecting through datasource 'HikariDataSource (HikariPool-1)']
	Database driver: undefined/unknown
	Database version: 8.0.34
	Autocommit mode: undefined/unknown
	Isolation level: undefined/unknown
	Minimum pool size: undefined/unknown
	Maximum pool size: undefined/unknown
2025-09-30T11:13:12.738+05:30  INFO 25668 --- [spring-rest-jpa] [main] o.h.e.t.j.p.i.JtaPlatformInitiator       : HHH000489: No JTA platform available (set 'hibernate.transaction.jta.platform' to enable JTA platform integration)
2025-09-30T11:13:12.849+05:30  INFO 25668 --- [spring-rest-jpa] [main] j.LocalContainerEntityManagerFactoryBean : Initialized JPA EntityManagerFactory for persistence unit 'default'
2025-09-30T11:13:13.450+05:30  WARN 25668 --- [spring-rest-jpa] [main] JpaBaseConfiguration$JpaWebConfiguration : spring.jpa.open-in-view is enabled by default. Therefore, database queries may be performed during view rendering. Explicitly configure spring.jpa.open-in-view to disable this warning
2025-09-30T11:13:14.543+05:30  WARN 25668 --- [spring-rest-jpa] [main] r$InitializeUserDetailsManagerConfigurer : Found 2 UserDetailsService beans, with names [userDetailsServiceImpl, userDetailsService]. Global Authentication Manager will not use a UserDetailsService for username/password login. Consider publishing a single UserDetailsService bean.
2025-09-30T11:13:15.050+05:30  INFO 25668 --- [spring-rest-jpa] [main] o.s.b.w.embedded.tomcat.TomcatWebServer  : Tomcat started on port 3232 (http) with context path '/'
2025-09-30T11:13:15.061+05:30  INFO 25668 --- [spring-rest-jpa] [main] c.s.SpringRestJpaApplication             : Started SpringRestJpaApplication in 7.228 seconds (process running for 7.592)
2025-09-30T11:13:44.848+05:30  INFO 25668 --- [spring-rest-jpa] [http-nio-3232-exec-1] o.a.c.c.C.[Tomcat].[localhost].[/]       : Initializing Spring DispatcherServlet 'dispatcherServlet'
2025-09-30T11:13:44.848+05:30  INFO 25668 --- [spring-rest-jpa] [http-nio-3232-exec-1] o.s.web.servlet.DispatcherServlet        : Initializing Servlet 'dispatcherServlet'
2025-09-30T11:13:44.851+05:30  INFO 25668 --- [spring-rest-jpa] [http-nio-3232-exec-1] o.s.web.servlet.DispatcherServlet        : Completed initialization in 2 ms
2025-09-30T11:14:07.504+05:30  INFO 22208 --- [spring-rest-jpa] [main] c.s.SpringRestJpaApplication             : Starting SpringRestJpaApplication using Java 17.0.8 with PID 22208 (D:\Poongs\eclipse-workspace\aug-2025-java-workspace\spring-rest-jpa\target\classes started by Poongs in D:\Poongs\eclipse-workspace\aug-2025-java-workspace\spring-rest-jpa)
2025-09-30T11:14:07.510+05:30  INFO 22208 --- [spring-rest-jpa] [main] c.s.SpringRestJpaApplication             : No active profile set, falling back to 1 default profile: "default"
2025-09-30T11:14:08.655+05:30  INFO 22208 --- [spring-rest-jpa] [main] .s.d.r.c.RepositoryConfigurationDelegate : Bootstrapping Spring Data JPA repositories in DEFAULT mode.
2025-09-30T11:14:08.743+05:30  INFO 22208 --- [spring-rest-jpa] [main] .s.d.r.c.RepositoryConfigurationDelegate : Finished Spring Data repository scanning in 72 ms. Found 3 JPA repository interfaces.
2025-09-30T11:14:09.584+05:30  INFO 22208 --- [spring-rest-jpa] [main] o.s.b.w.embedded.tomcat.TomcatWebServer  : Tomcat initialized with port 3232 (http)
2025-09-30T11:14:09.604+05:30  INFO 22208 --- [spring-rest-jpa] [main] o.apache.catalina.core.StandardService   : Starting service [Tomcat]
2025-09-30T11:14:09.605+05:30  INFO 22208 --- [spring-rest-jpa] [main] o.apache.catalina.core.StandardEngine    : Starting Servlet engine: [Apache Tomcat/10.1.44]
2025-09-30T11:14:09.710+05:30  INFO 22208 --- [spring-rest-jpa] [main] o.a.c.c.C.[Tomcat].[localhost].[/]       : Initializing Spring embedded WebApplicationContext
2025-09-30T11:14:09.710+05:30  INFO 22208 --- [spring-rest-jpa] [main] w.s.c.ServletWebServerApplicationContext : Root WebApplicationContext: initialization completed in 2130 ms
2025-09-30T11:14:09.901+05:30  INFO 22208 --- [spring-rest-jpa] [main] o.hibernate.jpa.internal.util.LogHelper  : HHH000204: Processing PersistenceUnitInfo [name: default]
2025-09-30T11:14:09.981+05:30  INFO 22208 --- [spring-rest-jpa] [main] org.hibernate.Version                    : HHH000412: Hibernate ORM core version 6.6.26.Final
2025-09-30T11:14:10.044+05:30  INFO 22208 --- [spring-rest-jpa] [main] o.h.c.internal.RegionFactoryInitiator    : HHH000026: Second-level cache disabled
2025-09-30T11:14:10.455+05:30  INFO 22208 --- [spring-rest-jpa] [main] o.s.o.j.p.SpringPersistenceUnitInfo      : No LoadTimeWeaver setup: ignoring JPA class transformer
2025-09-30T11:14:10.502+05:30  INFO 22208 --- [spring-rest-jpa] [main] com.zaxxer.hikari.HikariDataSource       : HikariPool-1 - Starting...
2025-09-30T11:14:10.879+05:30  INFO 22208 --- [spring-rest-jpa] [main] com.zaxxer.hikari.pool.HikariPool        : HikariPool-1 - Added connection com.mysql.cj.jdbc.ConnectionImpl@25589735
2025-09-30T11:14:10.881+05:30  INFO 22208 --- [spring-rest-jpa] [main] com.zaxxer.hikari.HikariDataSource       : HikariPool-1 - Start completed.
2025-09-30T11:14:10.976+05:30  INFO 22208 --- [spring-rest-jpa] [main] org.hibernate.orm.connections.pooling    : HHH10001005: Database info:
	Database JDBC URL [Connecting through datasource 'HikariDataSource (HikariPool-1)']
	Database driver: undefined/unknown
	Database version: 8.0.34
	Autocommit mode: undefined/unknown
	Isolation level: undefined/unknown
	Minimum pool size: undefined/unknown
	Maximum pool size: undefined/unknown
2025-09-30T11:14:12.130+05:30  INFO 22208 --- [spring-rest-jpa] [main] o.h.e.t.j.p.i.JtaPlatformInitiator       : HHH000489: No JTA platform available (set 'hibernate.transaction.jta.platform' to enable JTA platform integration)
2025-09-30T11:14:12.237+05:30  INFO 22208 --- [spring-rest-jpa] [main] j.LocalContainerEntityManagerFactoryBean : Initialized JPA EntityManagerFactory for persistence unit 'default'
2025-09-30T11:14:12.888+05:30  WARN 22208 --- [spring-rest-jpa] [main] JpaBaseConfiguration$JpaWebConfiguration : spring.jpa.open-in-view is enabled by default. Therefore, database queries may be performed during view rendering. Explicitly configure spring.jpa.open-in-view to disable this warning
2025-09-30T11:14:15.012+05:30  WARN 22208 --- [spring-rest-jpa] [main] r$InitializeUserDetailsManagerConfigurer : Found 2 UserDetailsService beans, with names [userDetailsServiceImpl, userDetailsService]. Global Authentication Manager will not use a UserDetailsService for username/password login. Consider publishing a single UserDetailsService bean.
2025-09-30T11:14:16.191+05:30  INFO 22208 --- [spring-rest-jpa] [main] o.s.b.w.embedded.tomcat.TomcatWebServer  : Tomcat started on port 3232 (http) with context path '/'
2025-09-30T11:14:16.221+05:30  INFO 22208 --- [spring-rest-jpa] [main] c.s.SpringRestJpaApplication             : Started SpringRestJpaApplication in 9.305 seconds (process running for 9.663)
2025-09-30T11:14:55.191+05:30  INFO 22208 --- [spring-rest-jpa] [http-nio-3232-exec-1] o.a.c.c.C.[Tomcat].[localhost].[/]       : Initializing Spring DispatcherServlet 'dispatcherServlet'
2025-09-30T11:14:55.192+05:30  INFO 22208 --- [spring-rest-jpa] [http-nio-3232-exec-1] o.s.web.servlet.DispatcherServlet        : Initializing Servlet 'dispatcherServlet'
2025-09-30T11:14:55.195+05:30  INFO 22208 --- [spring-rest-jpa] [http-nio-3232-exec-1] o.s.web.servlet.DispatcherServlet        : Completed initialization in 2 ms
2025-09-30T11:17:24.515+05:30  INFO 26708 --- [spring-rest-jpa] [main] c.s.SpringRestJpaApplication             : Starting SpringRestJpaApplication using Java 17.0.8 with PID 26708 (D:\Poongs\eclipse-workspace\aug-2025-java-workspace\spring-rest-jpa\target\classes started by Poongs in D:\Poongs\eclipse-workspace\aug-2025-java-workspace\spring-rest-jpa)
2025-09-30T11:17:24.519+05:30  INFO 26708 --- [spring-rest-jpa] [main] c.s.SpringRestJpaApplication             : No active profile set, falling back to 1 default profile: "default"
2025-09-30T11:17:25.794+05:30  INFO 26708 --- [spring-rest-jpa] [main] .s.d.r.c.RepositoryConfigurationDelegate : Bootstrapping Spring Data JPA repositories in DEFAULT mode.
2025-09-30T11:17:25.906+05:30  INFO 26708 --- [spring-rest-jpa] [main] .s.d.r.c.RepositoryConfigurationDelegate : Finished Spring Data repository scanning in 82 ms. Found 3 JPA repository interfaces.
2025-09-30T11:17:26.814+05:30  INFO 26708 --- [spring-rest-jpa] [main] o.s.b.w.embedded.tomcat.TomcatWebServer  : Tomcat initialized with port 3232 (http)
2025-09-30T11:17:26.837+05:30  INFO 26708 --- [spring-rest-jpa] [main] o.apache.catalina.core.StandardService   : Starting service [Tomcat]
2025-09-30T11:17:26.837+05:30  INFO 26708 --- [spring-rest-jpa] [main] o.apache.catalina.core.StandardEngine    : Starting Servlet engine: [Apache Tomcat/10.1.44]
2025-09-30T11:17:26.950+05:30  INFO 26708 --- [spring-rest-jpa] [main] o.a.c.c.C.[Tomcat].[localhost].[/]       : Initializing Spring embedded WebApplicationContext
2025-09-30T11:17:26.951+05:30  INFO 26708 --- [spring-rest-jpa] [main] w.s.c.ServletWebServerApplicationContext : Root WebApplicationContext: initialization completed in 2346 ms
2025-09-30T11:17:27.167+05:30  INFO 26708 --- [spring-rest-jpa] [main] o.hibernate.jpa.internal.util.LogHelper  : HHH000204: Processing PersistenceUnitInfo [name: default]
2025-09-30T11:17:27.286+05:30  INFO 26708 --- [spring-rest-jpa] [main] org.hibernate.Version                    : HHH000412: Hibernate ORM core version 6.6.26.Final
2025-09-30T11:17:27.354+05:30  INFO 26708 --- [spring-rest-jpa] [main] o.h.c.internal.RegionFactoryInitiator    : HHH000026: Second-level cache disabled
2025-09-30T11:17:27.885+05:30  INFO 26708 --- [spring-rest-jpa] [main] o.s.o.j.p.SpringPersistenceUnitInfo      : No LoadTimeWeaver setup: ignoring JPA class transformer
2025-09-30T11:17:27.951+05:30  INFO 26708 --- [spring-rest-jpa] [main] com.zaxxer.hikari.HikariDataSource       : HikariPool-1 - Starting...
2025-09-30T11:17:28.794+05:30  INFO 26708 --- [spring-rest-jpa] [main] com.zaxxer.hikari.pool.HikariPool        : HikariPool-1 - Added connection com.mysql.cj.jdbc.ConnectionImpl@11d1735e
2025-09-30T11:17:28.799+05:30  INFO 26708 --- [spring-rest-jpa] [main] com.zaxxer.hikari.HikariDataSource       : HikariPool-1 - Start completed.
2025-09-30T11:17:29.100+05:30  INFO 26708 --- [spring-rest-jpa] [main] org.hibernate.orm.connections.pooling    : HHH10001005: Database info:
	Database JDBC URL [Connecting through datasource 'HikariDataSource (HikariPool-1)']
	Database driver: undefined/unknown
	Database version: 8.0.34
	Autocommit mode: undefined/unknown
	Isolation level: undefined/unknown
	Minimum pool size: undefined/unknown
	Maximum pool size: undefined/unknown
2025-09-30T11:17:31.520+05:30  INFO 26708 --- [spring-rest-jpa] [main] o.h.e.t.j.p.i.JtaPlatformInitiator       : HHH000489: No JTA platform available (set 'hibernate.transaction.jta.platform' to enable JTA platform integration)
2025-09-30T11:17:31.796+05:30  INFO 26708 --- [spring-rest-jpa] [main] j.LocalContainerEntityManagerFactoryBean : Initialized JPA EntityManagerFactory for persistence unit 'default'
2025-09-30T11:17:33.069+05:30  WARN 26708 --- [spring-rest-jpa] [main] JpaBaseConfiguration$JpaWebConfiguration : spring.jpa.open-in-view is enabled by default. Therefore, database queries may be performed during view rendering. Explicitly configure spring.jpa.open-in-view to disable this warning
2025-09-30T11:17:35.395+05:30  WARN 26708 --- [spring-rest-jpa] [main] r$InitializeUserDetailsManagerConfigurer : Found 2 UserDetailsService beans, with names [userDetailsServiceImpl, userDetailsService]. Global Authentication Manager will not use a UserDetailsService for username/password login. Consider publishing a single UserDetailsService bean.
2025-09-30T11:17:36.634+05:30  INFO 26708 --- [spring-rest-jpa] [main] o.s.b.w.embedded.tomcat.TomcatWebServer  : Tomcat started on port 3232 (http) with context path '/'
2025-09-30T11:17:36.662+05:30  INFO 26708 --- [spring-rest-jpa] [main] c.s.SpringRestJpaApplication             : Started SpringRestJpaApplication in 12.763 seconds (process running for 13.157)
2025-09-30T11:17:48.764+05:30  INFO 26708 --- [spring-rest-jpa] [http-nio-3232-exec-1] o.a.c.c.C.[Tomcat].[localhost].[/]       : Initializing Spring DispatcherServlet 'dispatcherServlet'
2025-09-30T11:17:48.765+05:30  INFO 26708 --- [spring-rest-jpa] [http-nio-3232-exec-1] o.s.web.servlet.DispatcherServlet        : Initializing Servlet 'dispatcherServlet'
2025-09-30T11:17:48.770+05:30  INFO 26708 --- [spring-rest-jpa] [http-nio-3232-exec-1] o.s.web.servlet.DispatcherServlet        : Completed initialization in 5 ms
2025-09-30T11:19:00.893+05:30  INFO 24028 --- [spring-rest-jpa] [main] c.s.SpringRestJpaApplication             : Starting SpringRestJpaApplication using Java 17.0.8 with PID 24028 (D:\Poongs\eclipse-workspace\aug-2025-java-workspace\spring-rest-jpa\target\classes started by Poongs in D:\Poongs\eclipse-workspace\aug-2025-java-workspace\spring-rest-jpa)
2025-09-30T11:19:00.897+05:30  INFO 24028 --- [spring-rest-jpa] [main] c.s.SpringRestJpaApplication             : No active profile set, falling back to 1 default profile: "default"
2025-09-30T11:19:01.993+05:30  INFO 24028 --- [spring-rest-jpa] [main] .s.d.r.c.RepositoryConfigurationDelegate : Bootstrapping Spring Data JPA repositories in DEFAULT mode.
2025-09-30T11:19:02.089+05:30  INFO 24028 --- [spring-rest-jpa] [main] .s.d.r.c.RepositoryConfigurationDelegate : Finished Spring Data repository scanning in 80 ms. Found 3 JPA repository interfaces.
2025-09-30T11:19:02.975+05:30  INFO 24028 --- [spring-rest-jpa] [main] o.s.b.w.embedded.tomcat.TomcatWebServer  : Tomcat initialized with port 3232 (http)
2025-09-30T11:19:02.996+05:30  INFO 24028 --- [spring-rest-jpa] [main] o.apache.catalina.core.StandardService   : Starting service [Tomcat]
2025-09-30T11:19:02.996+05:30  INFO 24028 --- [spring-rest-jpa] [main] o.apache.catalina.core.StandardEngine    : Starting Servlet engine: [Apache Tomcat/10.1.44]
2025-09-30T11:19:03.100+05:30  INFO 24028 --- [spring-rest-jpa] [main] o.a.c.c.C.[Tomcat].[localhost].[/]       : Initializing Spring embedded WebApplicationContext
2025-09-30T11:19:03.101+05:30  INFO 24028 --- [spring-rest-jpa] [main] w.s.c.ServletWebServerApplicationContext : Root WebApplicationContext: initialization completed in 2140 ms
2025-09-30T11:19:03.304+05:30  INFO 24028 --- [spring-rest-jpa] [main] o.hibernate.jpa.internal.util.LogHelper  : HHH000204: Processing PersistenceUnitInfo [name: default]
2025-09-30T11:19:03.391+05:30  INFO 24028 --- [spring-rest-jpa] [main] org.hibernate.Version                    : HHH000412: Hibernate ORM core version 6.6.26.Final
2025-09-30T11:19:03.442+05:30  INFO 24028 --- [spring-rest-jpa] [main] o.h.c.internal.RegionFactoryInitiator    : HHH000026: Second-level cache disabled
2025-09-30T11:19:03.857+05:30  INFO 24028 --- [spring-rest-jpa] [main] o.s.o.j.p.SpringPersistenceUnitInfo      : No LoadTimeWeaver setup: ignoring JPA class transformer
2025-09-30T11:19:03.917+05:30  INFO 24028 --- [spring-rest-jpa] [main] com.zaxxer.hikari.HikariDataSource       : HikariPool-1 - Starting...
2025-09-30T11:19:04.415+05:30  INFO 24028 --- [spring-rest-jpa] [main] com.zaxxer.hikari.pool.HikariPool        : HikariPool-1 - Added connection com.mysql.cj.jdbc.ConnectionImpl@1cdd31a4
2025-09-30T11:19:04.419+05:30  INFO 24028 --- [spring-rest-jpa] [main] com.zaxxer.hikari.HikariDataSource       : HikariPool-1 - Start completed.
2025-09-30T11:19:04.564+05:30  INFO 24028 --- [spring-rest-jpa] [main] org.hibernate.orm.connections.pooling    : HHH10001005: Database info:
	Database JDBC URL [Connecting through datasource 'HikariDataSource (HikariPool-1)']
	Database driver: undefined/unknown
	Database version: 8.0.34
	Autocommit mode: undefined/unknown
	Isolation level: undefined/unknown
	Minimum pool size: undefined/unknown
	Maximum pool size: undefined/unknown
2025-09-30T11:19:06.456+05:30  INFO 24028 --- [spring-rest-jpa] [main] o.h.e.t.j.p.i.JtaPlatformInitiator       : HHH000489: No JTA platform available (set 'hibernate.transaction.jta.platform' to enable JTA platform integration)
2025-09-30T11:19:06.688+05:30  INFO 24028 --- [spring-rest-jpa] [main] j.LocalContainerEntityManagerFactoryBean : Initialized JPA EntityManagerFactory for persistence unit 'default'
2025-09-30T11:19:07.860+05:30  WARN 24028 --- [spring-rest-jpa] [main] JpaBaseConfiguration$JpaWebConfiguration : spring.jpa.open-in-view is enabled by default. Therefore, database queries may be performed during view rendering. Explicitly configure spring.jpa.open-in-view to disable this warning
2025-09-30T11:19:10.511+05:30  WARN 24028 --- [spring-rest-jpa] [main] r$InitializeUserDetailsManagerConfigurer : Found 2 UserDetailsService beans, with names [userDetailsServiceImpl, userDetailsService]. Global Authentication Manager will not use a UserDetailsService for username/password login. Consider publishing a single UserDetailsService bean.
2025-09-30T11:19:11.654+05:30  INFO 24028 --- [spring-rest-jpa] [main] o.s.b.w.embedded.tomcat.TomcatWebServer  : Tomcat started on port 3232 (http) with context path '/'
2025-09-30T11:19:11.678+05:30  INFO 24028 --- [spring-rest-jpa] [main] c.s.SpringRestJpaApplication             : Started SpringRestJpaApplication in 11.357 seconds (process running for 11.728)
2025-09-30T11:19:26.633+05:30  INFO 24028 --- [spring-rest-jpa] [http-nio-3232-exec-1] o.a.c.c.C.[Tomcat].[localhost].[/]       : Initializing Spring DispatcherServlet 'dispatcherServlet'
2025-09-30T11:19:26.634+05:30  INFO 24028 --- [spring-rest-jpa] [http-nio-3232-exec-1] o.s.web.servlet.DispatcherServlet        : Initializing Servlet 'dispatcherServlet'
2025-09-30T11:19:26.637+05:30  INFO 24028 --- [spring-rest-jpa] [http-nio-3232-exec-1] o.s.web.servlet.DispatcherServlet        : Completed initialization in 2 ms
2025-09-30T11:21:44.148+05:30  INFO 33020 --- [spring-rest-jpa] [main] c.s.SpringRestJpaApplication             : Starting SpringRestJpaApplication using Java 17.0.8 with PID 33020 (D:\Poongs\eclipse-workspace\aug-2025-java-workspace\spring-rest-jpa\target\classes started by Poongs in D:\Poongs\eclipse-workspace\aug-2025-java-workspace\spring-rest-jpa)
2025-09-30T11:21:44.152+05:30  INFO 33020 --- [spring-rest-jpa] [main] c.s.SpringRestJpaApplication             : No active profile set, falling back to 1 default profile: "default"
2025-09-30T11:21:45.337+05:30  INFO 33020 --- [spring-rest-jpa] [main] .s.d.r.c.RepositoryConfigurationDelegate : Bootstrapping Spring Data JPA repositories in DEFAULT mode.
2025-09-30T11:21:45.438+05:30  INFO 33020 --- [spring-rest-jpa] [main] .s.d.r.c.RepositoryConfigurationDelegate : Finished Spring Data repository scanning in 85 ms. Found 3 JPA repository interfaces.
2025-09-30T11:21:46.362+05:30  INFO 33020 --- [spring-rest-jpa] [main] o.s.b.w.embedded.tomcat.TomcatWebServer  : Tomcat initialized with port 3232 (http)
2025-09-30T11:21:46.384+05:30  INFO 33020 --- [spring-rest-jpa] [main] o.apache.catalina.core.StandardService   : Starting service [Tomcat]
2025-09-30T11:21:46.385+05:30  INFO 33020 --- [spring-rest-jpa] [main] o.apache.catalina.core.StandardEngine    : Starting Servlet engine: [Apache Tomcat/10.1.44]
2025-09-30T11:21:46.493+05:30  INFO 33020 --- [spring-rest-jpa] [main] o.a.c.c.C.[Tomcat].[localhost].[/]       : Initializing Spring embedded WebApplicationContext
2025-09-30T11:21:46.494+05:30  INFO 33020 --- [spring-rest-jpa] [main] w.s.c.ServletWebServerApplicationContext : Root WebApplicationContext: initialization completed in 2276 ms
2025-09-30T11:21:46.711+05:30  INFO 33020 --- [spring-rest-jpa] [main] o.hibernate.jpa.internal.util.LogHelper  : HHH000204: Processing PersistenceUnitInfo [name: default]
2025-09-30T11:21:46.816+05:30  INFO 33020 --- [spring-rest-jpa] [main] org.hibernate.Version                    : HHH000412: Hibernate ORM core version 6.6.26.Final
2025-09-30T11:21:46.873+05:30  INFO 33020 --- [spring-rest-jpa] [main] o.h.c.internal.RegionFactoryInitiator    : HHH000026: Second-level cache disabled
2025-09-30T11:21:47.343+05:30  INFO 33020 --- [spring-rest-jpa] [main] o.s.o.j.p.SpringPersistenceUnitInfo      : No LoadTimeWeaver setup: ignoring JPA class transformer
2025-09-30T11:21:47.395+05:30  INFO 33020 --- [spring-rest-jpa] [main] com.zaxxer.hikari.HikariDataSource       : HikariPool-1 - Starting...
2025-09-30T11:21:47.838+05:30  INFO 33020 --- [spring-rest-jpa] [main] com.zaxxer.hikari.pool.HikariPool        : HikariPool-1 - Added connection com.mysql.cj.jdbc.ConnectionImpl@1bb172dd
2025-09-30T11:21:47.841+05:30  INFO 33020 --- [spring-rest-jpa] [main] com.zaxxer.hikari.HikariDataSource       : HikariPool-1 - Start completed.
2025-09-30T11:21:47.947+05:30  INFO 33020 --- [spring-rest-jpa] [main] org.hibernate.orm.connections.pooling    : HHH10001005: Database info:
	Database JDBC URL [Connecting through datasource 'HikariDataSource (HikariPool-1)']
	Database driver: undefined/unknown
	Database version: 8.0.34
	Autocommit mode: undefined/unknown
	Isolation level: undefined/unknown
	Minimum pool size: undefined/unknown
	Maximum pool size: undefined/unknown
2025-09-30T11:21:49.265+05:30  INFO 33020 --- [spring-rest-jpa] [main] o.h.e.t.j.p.i.JtaPlatformInitiator       : HHH000489: No JTA platform available (set 'hibernate.transaction.jta.platform' to enable JTA platform integration)
2025-09-30T11:21:49.380+05:30  INFO 33020 --- [spring-rest-jpa] [main] j.LocalContainerEntityManagerFactoryBean : Initialized JPA EntityManagerFactory for persistence unit 'default'
2025-09-30T11:21:50.041+05:30  WARN 33020 --- [spring-rest-jpa] [main] JpaBaseConfiguration$JpaWebConfiguration : spring.jpa.open-in-view is enabled by default. Therefore, database queries may be performed during view rendering. Explicitly configure spring.jpa.open-in-view to disable this warning
2025-09-30T11:21:51.132+05:30  WARN 33020 --- [spring-rest-jpa] [main] r$InitializeUserDetailsManagerConfigurer : Found 2 UserDetailsService beans, with names [userDetailsServiceImpl, userDetailsService]. Global Authentication Manager will not use a UserDetailsService for username/password login. Consider publishing a single UserDetailsService bean.
2025-09-30T11:21:51.731+05:30  INFO 33020 --- [spring-rest-jpa] [main] o.s.b.w.embedded.tomcat.TomcatWebServer  : Tomcat started on port 3232 (http) with context path '/'
2025-09-30T11:21:51.743+05:30  INFO 33020 --- [spring-rest-jpa] [main] c.s.SpringRestJpaApplication             : Started SpringRestJpaApplication in 8.186 seconds (process running for 8.527)
2025-09-30T11:22:08.021+05:30  INFO 33020 --- [spring-rest-jpa] [http-nio-3232-exec-1] o.a.c.c.C.[Tomcat].[localhost].[/]       : Initializing Spring DispatcherServlet 'dispatcherServlet'
2025-09-30T11:22:08.021+05:30  INFO 33020 --- [spring-rest-jpa] [http-nio-3232-exec-1] o.s.web.servlet.DispatcherServlet        : Initializing Servlet 'dispatcherServlet'
2025-09-30T11:22:08.024+05:30  INFO 33020 --- [spring-rest-jpa] [http-nio-3232-exec-1] o.s.web.servlet.DispatcherServlet        : Completed initialization in 2 ms
2025-09-30T11:22:45.193+05:30  INFO 32652 --- [spring-rest-jpa] [main] c.s.SpringRestJpaApplication             : Starting SpringRestJpaApplication using Java 17.0.8 with PID 32652 (D:\Poongs\eclipse-workspace\aug-2025-java-workspace\spring-rest-jpa\target\classes started by Poongs in D:\Poongs\eclipse-workspace\aug-2025-java-workspace\spring-rest-jpa)
2025-09-30T11:22:45.196+05:30  INFO 32652 --- [spring-rest-jpa] [main] c.s.SpringRestJpaApplication             : No active profile set, falling back to 1 default profile: "default"
2025-09-30T11:22:46.377+05:30  INFO 32652 --- [spring-rest-jpa] [main] .s.d.r.c.RepositoryConfigurationDelegate : Bootstrapping Spring Data JPA repositories in DEFAULT mode.
2025-09-30T11:22:46.472+05:30  INFO 32652 --- [spring-rest-jpa] [main] .s.d.r.c.RepositoryConfigurationDelegate : Finished Spring Data repository scanning in 78 ms. Found 3 JPA repository interfaces.
2025-09-30T11:22:47.259+05:30  INFO 32652 --- [spring-rest-jpa] [main] o.s.b.w.embedded.tomcat.TomcatWebServer  : Tomcat initialized with port 3232 (http)
2025-09-30T11:22:47.279+05:30  INFO 32652 --- [spring-rest-jpa] [main] o.apache.catalina.core.StandardService   : Starting service [Tomcat]
2025-09-30T11:22:47.279+05:30  INFO 32652 --- [spring-rest-jpa] [main] o.apache.catalina.core.StandardEngine    : Starting Servlet engine: [Apache Tomcat/10.1.44]
2025-09-30T11:22:47.379+05:30  INFO 32652 --- [spring-rest-jpa] [main] o.a.c.c.C.[Tomcat].[localhost].[/]       : Initializing Spring embedded WebApplicationContext
2025-09-30T11:22:47.379+05:30  INFO 32652 --- [spring-rest-jpa] [main] w.s.c.ServletWebServerApplicationContext : Root WebApplicationContext: initialization completed in 2129 ms
2025-09-30T11:22:47.546+05:30  INFO 32652 --- [spring-rest-jpa] [main] o.hibernate.jpa.internal.util.LogHelper  : HHH000204: Processing PersistenceUnitInfo [name: default]
2025-09-30T11:22:47.609+05:30  INFO 32652 --- [spring-rest-jpa] [main] org.hibernate.Version                    : HHH000412: Hibernate ORM core version 6.6.26.Final
2025-09-30T11:22:47.665+05:30  INFO 32652 --- [spring-rest-jpa] [main] o.h.c.internal.RegionFactoryInitiator    : HHH000026: Second-level cache disabled
2025-09-30T11:22:47.994+05:30  INFO 32652 --- [spring-rest-jpa] [main] o.s.o.j.p.SpringPersistenceUnitInfo      : No LoadTimeWeaver setup: ignoring JPA class transformer
2025-09-30T11:22:48.030+05:30  INFO 32652 --- [spring-rest-jpa] [main] com.zaxxer.hikari.HikariDataSource       : HikariPool-1 - Starting...
2025-09-30T11:22:48.415+05:30  INFO 32652 --- [spring-rest-jpa] [main] com.zaxxer.hikari.pool.HikariPool        : HikariPool-1 - Added connection com.mysql.cj.jdbc.ConnectionImpl@25589735
2025-09-30T11:22:48.417+05:30  INFO 32652 --- [spring-rest-jpa] [main] com.zaxxer.hikari.HikariDataSource       : HikariPool-1 - Start completed.
2025-09-30T11:22:48.519+05:30  INFO 32652 --- [spring-rest-jpa] [main] org.hibernate.orm.connections.pooling    : HHH10001005: Database info:
	Database JDBC URL [Connecting through datasource 'HikariDataSource (HikariPool-1)']
	Database driver: undefined/unknown
	Database version: 8.0.34
	Autocommit mode: undefined/unknown
	Isolation level: undefined/unknown
	Minimum pool size: undefined/unknown
	Maximum pool size: undefined/unknown
2025-09-30T11:22:49.660+05:30  INFO 32652 --- [spring-rest-jpa] [main] o.h.e.t.j.p.i.JtaPlatformInitiator       : HHH000489: No JTA platform available (set 'hibernate.transaction.jta.platform' to enable JTA platform integration)
2025-09-30T11:22:49.767+05:30  INFO 32652 --- [spring-rest-jpa] [main] j.LocalContainerEntityManagerFactoryBean : Initialized JPA EntityManagerFactory for persistence unit 'default'
2025-09-30T11:22:50.400+05:30  WARN 32652 --- [spring-rest-jpa] [main] JpaBaseConfiguration$JpaWebConfiguration : spring.jpa.open-in-view is enabled by default. Therefore, database queries may be performed during view rendering. Explicitly configure spring.jpa.open-in-view to disable this warning
2025-09-30T11:22:51.820+05:30  WARN 32652 --- [spring-rest-jpa] [main] r$InitializeUserDetailsManagerConfigurer : Found 2 UserDetailsService beans, with names [userDetailsServiceImpl, userDetailsService]. Global Authentication Manager will not use a UserDetailsService for username/password login. Consider publishing a single UserDetailsService bean.
2025-09-30T11:22:52.746+05:30  INFO 32652 --- [spring-rest-jpa] [main] o.s.b.w.embedded.tomcat.TomcatWebServer  : Tomcat started on port 3232 (http) with context path '/'
2025-09-30T11:22:52.775+05:30  INFO 32652 --- [spring-rest-jpa] [main] c.s.SpringRestJpaApplication             : Started SpringRestJpaApplication in 8.157 seconds (process running for 8.538)
2025-09-30T11:23:31.382+05:30  INFO 32652 --- [spring-rest-jpa] [http-nio-3232-exec-1] o.a.c.c.C.[Tomcat].[localhost].[/]       : Initializing Spring DispatcherServlet 'dispatcherServlet'
2025-09-30T11:23:31.383+05:30  INFO 32652 --- [spring-rest-jpa] [http-nio-3232-exec-1] o.s.web.servlet.DispatcherServlet        : Initializing Servlet 'dispatcherServlet'
2025-09-30T11:23:31.386+05:30  INFO 32652 --- [spring-rest-jpa] [http-nio-3232-exec-1] o.s.web.servlet.DispatcherServlet        : Completed initialization in 2 ms
2025-09-30T11:24:11.793+05:30  INFO 31760 --- [spring-rest-jpa] [main] c.s.SpringRestJpaApplication             : Starting SpringRestJpaApplication using Java 17.0.8 with PID 31760 (D:\Poongs\eclipse-workspace\aug-2025-java-workspace\spring-rest-jpa\target\classes started by Poongs in D:\Poongs\eclipse-workspace\aug-2025-java-workspace\spring-rest-jpa)
2025-09-30T11:24:11.800+05:30  INFO 31760 --- [spring-rest-jpa] [main] c.s.SpringRestJpaApplication             : No active profile set, falling back to 1 default profile: "default"
2025-09-30T11:24:12.923+05:30  INFO 31760 --- [spring-rest-jpa] [main] .s.d.r.c.RepositoryConfigurationDelegate : Bootstrapping Spring Data JPA repositories in DEFAULT mode.
2025-09-30T11:24:13.020+05:30  INFO 31760 --- [spring-rest-jpa] [main] .s.d.r.c.RepositoryConfigurationDelegate : Finished Spring Data repository scanning in 84 ms. Found 3 JPA repository interfaces.
2025-09-30T11:24:13.846+05:30  INFO 31760 --- [spring-rest-jpa] [main] o.s.b.w.embedded.tomcat.TomcatWebServer  : Tomcat initialized with port 3232 (http)
2025-09-30T11:24:13.867+05:30  INFO 31760 --- [spring-rest-jpa] [main] o.apache.catalina.core.StandardService   : Starting service [Tomcat]
2025-09-30T11:24:13.868+05:30  INFO 31760 --- [spring-rest-jpa] [main] o.apache.catalina.core.StandardEngine    : Starting Servlet engine: [Apache Tomcat/10.1.44]
2025-09-30T11:24:13.962+05:30  INFO 31760 --- [spring-rest-jpa] [main] o.a.c.c.C.[Tomcat].[localhost].[/]       : Initializing Spring embedded WebApplicationContext
2025-09-30T11:24:13.963+05:30  INFO 31760 --- [spring-rest-jpa] [main] w.s.c.ServletWebServerApplicationContext : Root WebApplicationContext: initialization completed in 2095 ms
2025-09-30T11:24:14.157+05:30  INFO 31760 --- [spring-rest-jpa] [main] o.hibernate.jpa.internal.util.LogHelper  : HHH000204: Processing PersistenceUnitInfo [name: default]
2025-09-30T11:24:14.219+05:30  INFO 31760 --- [spring-rest-jpa] [main] org.hibernate.Version                    : HHH000412: Hibernate ORM core version 6.6.26.Final
2025-09-30T11:24:14.269+05:30  INFO 31760 --- [spring-rest-jpa] [main] o.h.c.internal.RegionFactoryInitiator    : HHH000026: Second-level cache disabled
2025-09-30T11:24:14.673+05:30  INFO 31760 --- [spring-rest-jpa] [main] o.s.o.j.p.SpringPersistenceUnitInfo      : No LoadTimeWeaver setup: ignoring JPA class transformer
2025-09-30T11:24:14.711+05:30  INFO 31760 --- [spring-rest-jpa] [main] com.zaxxer.hikari.HikariDataSource       : HikariPool-1 - Starting...
2025-09-30T11:24:15.056+05:30  INFO 31760 --- [spring-rest-jpa] [main] com.zaxxer.hikari.pool.HikariPool        : HikariPool-1 - Added connection com.mysql.cj.jdbc.ConnectionImpl@1bb172dd
2025-09-30T11:24:15.058+05:30  INFO 31760 --- [spring-rest-jpa] [main] com.zaxxer.hikari.HikariDataSource       : HikariPool-1 - Start completed.
2025-09-30T11:24:15.149+05:30  INFO 31760 --- [spring-rest-jpa] [main] org.hibernate.orm.connections.pooling    : HHH10001005: Database info:
	Database JDBC URL [Connecting through datasource 'HikariDataSource (HikariPool-1)']
	Database driver: undefined/unknown
	Database version: 8.0.34
	Autocommit mode: undefined/unknown
	Isolation level: undefined/unknown
	Minimum pool size: undefined/unknown
	Maximum pool size: undefined/unknown
2025-09-30T11:24:16.306+05:30  INFO 31760 --- [spring-rest-jpa] [main] o.h.e.t.j.p.i.JtaPlatformInitiator       : HHH000489: No JTA platform available (set 'hibernate.transaction.jta.platform' to enable JTA platform integration)
2025-09-30T11:24:16.411+05:30  INFO 31760 --- [spring-rest-jpa] [main] j.LocalContainerEntityManagerFactoryBean : Initialized JPA EntityManagerFactory for persistence unit 'default'
2025-09-30T11:24:17.095+05:30  WARN 31760 --- [spring-rest-jpa] [main] JpaBaseConfiguration$JpaWebConfiguration : spring.jpa.open-in-view is enabled by default. Therefore, database queries may be performed during view rendering. Explicitly configure spring.jpa.open-in-view to disable this warning
2025-09-30T11:24:18.156+05:30  WARN 31760 --- [spring-rest-jpa] [main] r$InitializeUserDetailsManagerConfigurer : Found 2 UserDetailsService beans, with names [userDetailsServiceImpl, userDetailsService]. Global Authentication Manager will not use a UserDetailsService for username/password login. Consider publishing a single UserDetailsService bean.
2025-09-30T11:24:18.699+05:30  INFO 31760 --- [spring-rest-jpa] [main] o.s.b.w.embedded.tomcat.TomcatWebServer  : Tomcat started on port 3232 (http) with context path '/'
2025-09-30T11:24:18.711+05:30  INFO 31760 --- [spring-rest-jpa] [main] c.s.SpringRestJpaApplication             : Started SpringRestJpaApplication in 7.526 seconds (process running for 7.912)
2025-09-30T11:24:33.533+05:30  INFO 31760 --- [spring-rest-jpa] [http-nio-3232-exec-1] o.a.c.c.C.[Tomcat].[localhost].[/]       : Initializing Spring DispatcherServlet 'dispatcherServlet'
2025-09-30T11:24:33.534+05:30  INFO 31760 --- [spring-rest-jpa] [http-nio-3232-exec-1] o.s.web.servlet.DispatcherServlet        : Initializing Servlet 'dispatcherServlet'
2025-09-30T11:24:33.537+05:30  INFO 31760 --- [spring-rest-jpa] [http-nio-3232-exec-1] o.s.web.servlet.DispatcherServlet        : Completed initialization in 3 ms
2025-09-30T11:24:37.891+05:30  INFO 31760 --- [spring-rest-jpa] [http-nio-3232-exec-5] c.s.controller.BookController            : Entered getAllBooks() in controller...
2025-09-30T11:25:27.362+05:30  INFO 31760 --- [spring-rest-jpa] [http-nio-3232-exec-8] c.s.controller.BookController            : Entered getAllBooks() in controller...
2025-09-30T11:25:37.377+05:30  INFO 31760 --- [spring-rest-jpa] [http-nio-3232-exec-2] c.s.controller.BookController            : Entered getAllBooks() in controller...
2025-09-30T12:14:31.919+05:30  WARN 31760 --- [spring-rest-jpa] [HikariPool-1:housekeeper] com.zaxxer.hikari.pool.HikariPool        : HikariPool-1 - Thread starvation or clock leap detected (housekeeper delta=6m16s1ms628µs600ns).
2025-09-30T14:05:34.214+05:30  WARN 31760 --- [spring-rest-jpa] [HikariPool-1:housekeeper] com.zaxxer.hikari.pool.HikariPool        : HikariPool-1 - Thread starvation or clock leap detected (housekeeper delta=4m148ms590µs).
2025-09-30T14:48:26.684+05:30  WARN 31760 --- [spring-rest-jpa] [HikariPool-1:housekeeper] com.zaxxer.hikari.pool.HikariPool        : HikariPool-1 - Thread starvation or clock leap detected (housekeeper delta=32m52s284ms78µs).
2025-09-30T16:04:46.875+05:30  INFO 31760 --- [spring-rest-jpa] [http-nio-3232-exec-1] c.s.controller.BookController            : Entered getAllBooks() in controller...
2025-09-30T16:35:25.559+05:30  WARN 31760 --- [spring-rest-jpa] [HikariPool-1:housekeeper] com.zaxxer.hikari.pool.HikariPool        : HikariPool-1 - Thread starvation or clock leap detected (housekeeper delta=57s141ms7µs700ns).
2025-09-30T16:51:09.137+05:30  WARN 31760 --- [spring-rest-jpa] [HikariPool-1:housekeeper] com.zaxxer.hikari.pool.HikariPool        : HikariPool-1 - Thread starvation or clock leap detected (housekeeper delta=2m13s304ms553µs900ns).
